[2026-05-29T12:19:44.100+0000] {manager.py:470} INFO - Processing files using up to 1 processes at a time 
[2026-05-29T12:19:44.103+0000] {manager.py:471} INFO - Process each file at most once every 30 seconds
[2026-05-29T12:19:44.104+0000] {manager.py:472} INFO - Checking for new files in /opt/airflow/dags every 300 seconds
[2026-05-29T12:19:44.105+0000] {manager.py:737} INFO - Searching for files in /opt/airflow/dags
[2026-05-29T12:19:44.108+0000] {manager.py:740} INFO - There are 1 files in /opt/airflow/dags
[2026-05-29T12:19:44.969+0000] {manager.py:878} INFO - 
================================================================================
DAG File Processing Stats

File Path                             PID    Runtime      # DAGs    # Errors  Last Runtime    Last Run
------------------------------------  -----  ---------  --------  ----------  --------------  -------------------
/opt/airflow/dags/train_model_dag.py                           1           0  0.71s           2026-05-29T12:19:44
================================================================================
[2026-05-29T12:20:15.854+0000] {manager.py:878} INFO - 
================================================================================
DAG File Processing Stats

File Path                             PID    Runtime      # DAGs    # Errors  Last Runtime    Last Run
------------------------------------  -----  ---------  --------  ----------  --------------  -------------------
/opt/airflow/dags/train_model_dag.py                           1           0  0.31s           2026-05-29T12:20:15
================================================================================
[2026-05-29T12:20:46.154+0000] {manager.py:878} INFO - 
================================================================================
DAG File Processing Stats

File Path                             PID    Runtime      # DAGs    # Errors  Last Runtime    Last Run
------------------------------------  -----  ---------  --------  ----------  --------------  -------------------
/opt/airflow/dags/train_model_dag.py                           1           0  0.21s           2026-05-29T12:20:46
================================================================================
[2026-05-29T12:21:16.533+0000] {manager.py:878} INFO - 
================================================================================
DAG File Processing Stats

File Path                             PID    Runtime      # DAGs    # Errors  Last Runtime    Last Run
------------------------------------  -----  ---------  --------  ----------  --------------  -------------------
/opt/airflow/dags/train_model_dag.py                           1           0  0.21s           2026-05-29T12:21:16
================================================================================
[2026-05-29T12:21:47.392+0000] {manager.py:878} INFO - 
================================================================================
DAG File Processing Stats

File Path                             PID    Runtime      # DAGs    # Errors  Last Runtime    Last Run
------------------------------------  -----  ---------  --------  ----------  --------------  -------------------
/opt/airflow/dags/train_model_dag.py                           1           0  0.56s           2026-05-29T12:21:47
================================================================================
[2026-05-29T12:22:18.967+0000] {manager.py:878} INFO - 
================================================================================
DAG File Processing Stats

File Path                             PID    Runtime      # DAGs    # Errors  Last Runtime    Last Run
------------------------------------  -----  ---------  --------  ----------  --------------  -------------------
/opt/airflow/dags/train_model_dag.py                           1           0  0.63s           2026-05-29T12:22:18
================================================================================
[2026-05-29T12:22:49.861+0000] {manager.py:878} INFO - 
================================================================================
DAG File Processing Stats

File Path                             PID    Runtime      # DAGs    # Errors  Last Runtime    Last Run
------------------------------------  -----  ---------  --------  ----------  --------------  -------------------
/opt/airflow/dags/train_model_dag.py                           1           0  0.21s           2026-05-29T12:22:49
================================================================================
[2026-05-29T12:23:20.221+0000] {manager.py:878} INFO - 
================================================================================
DAG File Processing Stats

File Path                             PID    Runtime      # DAGs    # Errors  Last Runtime    Last Run
------------------------------------  -----  ---------  --------  ----------  --------------  -------------------
/opt/airflow/dags/train_model_dag.py                           1           0  0.21s           2026-05-29T12:23:20
================================================================================
[2026-05-29T12:23:50.547+0000] {manager.py:878} INFO - 
================================================================================
DAG File Processing Stats

File Path                             PID    Runtime      # DAGs    # Errors  Last Runtime    Last Run
------------------------------------  -----  ---------  --------  ----------  --------------  -------------------
/opt/airflow/dags/train_model_dag.py                           1           0  0.21s           2026-05-29T12:23:50
================================================================================
[2026-05-29T12:24:21.071+0000] {manager.py:878} INFO - 
================================================================================
DAG File Processing Stats

File Path                             PID    Runtime      # DAGs    # Errors  Last Runtime    Last Run
------------------------------------  -----  ---------  --------  ----------  --------------  -------------------
/opt/airflow/dags/train_model_dag.py                           1           0  0.32s           2026-05-29T12:24:21
================================================================================
[2026-05-29T12:24:44.429+0000] {manager.py:737} INFO - Searching for files in /opt/airflow/dags
[2026-05-29T12:24:44.435+0000] {manager.py:740} INFO - There are 1 files in /opt/airflow/dags
[2026-05-29T12:24:51.665+0000] {manager.py:878} INFO - 
================================================================================
DAG File Processing Stats

File Path                             PID    Runtime      # DAGs    # Errors  Last Runtime    Last Run
------------------------------------  -----  ---------  --------  ----------  --------------  -------------------
/opt/airflow/dags/train_model_dag.py                           1           0  0.33s           2026-05-29T12:24:51
================================================================================
[2026-05-29T12:25:22.335+0000] {manager.py:878} INFO - 
================================================================================
DAG File Processing Stats

File Path                             PID    Runtime      # DAGs    # Errors  Last Runtime    Last Run
------------------------------------  -----  ---------  --------  ----------  --------------  -------------------
/opt/airflow/dags/train_model_dag.py                           1           0  0.21s           2026-05-29T12:25:22
================================================================================
[2026-05-29T12:25:53.241+0000] {manager.py:878} INFO - 
================================================================================
DAG File Processing Stats

File Path                             PID    Runtime      # DAGs    # Errors  Last Runtime    Last Run
------------------------------------  -----  ---------  --------  ----------  --------------  -------------------
/opt/airflow/dags/train_model_dag.py                           1           0  0.52s           2026-05-29T12:25:53
================================================================================
[2026-05-29T12:26:23.603+0000] {manager.py:878} INFO - 
================================================================================
DAG File Processing Stats

File Path                             PID    Runtime      # DAGs    # Errors  Last Runtime    Last Run
------------------------------------  -----  ---------  --------  ----------  --------------  -------------------
/opt/airflow/dags/train_model_dag.py                           1           0  0.32s           2026-05-29T12:26:23
================================================================================
[2026-05-29T12:26:43.619+0000] {manager.py:452} INFO - Exiting gracefully upon receiving signal 15
[2026-05-29T12:29:02.893+0000] {manager.py:470} INFO - Processing files using up to 1 processes at a time 
[2026-05-29T12:29:02.899+0000] {manager.py:471} INFO - Process each file at most once every 30 seconds
[2026-05-29T12:29:02.900+0000] {manager.py:472} INFO - Checking for new files in /opt/airflow/dags every 300 seconds
[2026-05-29T12:29:02.900+0000] {manager.py:737} INFO - Searching for files in /opt/airflow/dags
[2026-05-29T12:29:02.904+0000] {manager.py:740} INFO - There are 1 files in /opt/airflow/dags
[2026-05-29T12:29:03.749+0000] {manager.py:878} INFO - 
================================================================================
DAG File Processing Stats

File Path                             PID    Runtime      # DAGs    # Errors  Last Runtime    Last Run
------------------------------------  -----  ---------  --------  ----------  --------------  -------------------
/opt/airflow/dags/train_model_dag.py                           1           0  0.71s           2026-05-29T12:29:03
================================================================================
[2026-05-29T12:29:34.684+0000] {manager.py:878} INFO - 
================================================================================
DAG File Processing Stats

File Path                             PID    Runtime      # DAGs    # Errors  Last Runtime    Last Run
------------------------------------  -----  ---------  --------  ----------  --------------  -------------------
/opt/airflow/dags/train_model_dag.py                           1           0  0.32s           2026-05-29T12:29:34
================================================================================
[2026-05-29T12:30:05.393+0000] {manager.py:878} INFO - 
================================================================================
DAG File Processing Stats

File Path                             PID    Runtime      # DAGs    # Errors  Last Runtime    Last Run
------------------------------------  -----  ---------  --------  ----------  --------------  -------------------
/opt/airflow/dags/train_model_dag.py                           1           0  0.41s           2026-05-29T12:30:05
================================================================================
[2026-05-29T12:30:35.670+0000] {manager.py:878} INFO - 
================================================================================
DAG File Processing Stats

File Path                             PID    Runtime      # DAGs    # Errors  Last Runtime    Last Run
------------------------------------  -----  ---------  --------  ----------  --------------  -------------------
/opt/airflow/dags/train_model_dag.py                           1           0  0.22s           2026-05-29T12:30:35
================================================================================
[2026-05-29T12:31:06.101+0000] {manager.py:878} INFO - 
================================================================================
DAG File Processing Stats

File Path                             PID    Runtime      # DAGs    # Errors  Last Runtime    Last Run
------------------------------------  -----  ---------  --------  ----------  --------------  -------------------
/opt/airflow/dags/train_model_dag.py                           1           0  0.21s           2026-05-29T12:31:06
================================================================================
[2026-05-29T12:31:36.707+0000] {manager.py:878} INFO - 
================================================================================
DAG File Processing Stats

File Path                             PID    Runtime      # DAGs    # Errors  Last Runtime    Last Run
------------------------------------  -----  ---------  --------  ----------  --------------  -------------------
/opt/airflow/dags/train_model_dag.py                           1           0  0.32s           2026-05-29T12:31:36
================================================================================
[2026-05-29T12:32:08.254+0000] {manager.py:878} INFO - 
================================================================================
DAG File Processing Stats

File Path                             PID    Runtime      # DAGs    # Errors  Last Runtime    Last Run
------------------------------------  -----  ---------  --------  ----------  --------------  -------------------
/opt/airflow/dags/train_model_dag.py                           1           0  1.20s           2026-05-29T12:32:08
================================================================================
[2026-05-29T12:32:39.400+0000] {manager.py:878} INFO - 
================================================================================
DAG File Processing Stats

File Path                             PID    Runtime      # DAGs    # Errors  Last Runtime    Last Run
------------------------------------  -----  ---------  --------  ----------  --------------  -------------------
/opt/airflow/dags/train_model_dag.py                           1           0  0.41s           2026-05-29T12:32:39
================================================================================
[2026-05-29T12:33:09.774+0000] {manager.py:878} INFO - 
================================================================================
DAG File Processing Stats

File Path                             PID    Runtime      # DAGs    # Errors  Last Runtime    Last Run
------------------------------------  -----  ---------  --------  ----------  --------------  -------------------
/opt/airflow/dags/train_model_dag.py                           1           0  0.31s           2026-05-29T12:33:09
================================================================================
[2026-05-29T12:33:40.258+0000] {manager.py:878} INFO - 
================================================================================
DAG File Processing Stats

File Path                             PID    Runtime      # DAGs    # Errors  Last Runtime    Last Run
------------------------------------  -----  ---------  --------  ----------  --------------  -------------------
/opt/airflow/dags/train_model_dag.py                           1           0  0.32s           2026-05-29T12:33:40
================================================================================
[2026-05-29T12:34:02.935+0000] {manager.py:737} INFO - Searching for files in /opt/airflow/dags
[2026-05-29T12:34:02.938+0000] {manager.py:740} INFO - There are 1 files in /opt/airflow/dags
[2026-05-29T12:34:10.720+0000] {manager.py:878} INFO - 
================================================================================
DAG File Processing Stats

File Path                             PID    Runtime      # DAGs    # Errors  Last Runtime    Last Run
------------------------------------  -----  ---------  --------  ----------  --------------  -------------------
/opt/airflow/dags/train_model_dag.py                           1           0  0.32s           2026-05-29T12:34:10
================================================================================
[2026-05-29T12:34:41.173+0000] {manager.py:878} INFO - 
================================================================================
DAG File Processing Stats

File Path                             PID    Runtime      # DAGs    # Errors  Last Runtime    Last Run
------------------------------------  -----  ---------  --------  ----------  --------------  -------------------
/opt/airflow/dags/train_model_dag.py                           1           0  0.23s           2026-05-29T12:34:41
================================================================================
[2026-05-29T12:35:11.731+0000] {manager.py:878} INFO - 
================================================================================
DAG File Processing Stats

File Path                             PID    Runtime      # DAGs    # Errors  Last Runtime    Last Run
------------------------------------  -----  ---------  --------  ----------  --------------  -------------------
/opt/airflow/dags/train_model_dag.py                           1           0  0.32s           2026-05-29T12:35:11
================================================================================
[2026-05-29T12:35:42.145+0000] {manager.py:878} INFO - 
================================================================================
DAG File Processing Stats

File Path                             PID    Runtime      # DAGs    # Errors  Last Runtime    Last Run
------------------------------------  -----  ---------  --------  ----------  --------------  -------------------
/opt/airflow/dags/train_model_dag.py                           1           0  0.21s           2026-05-29T12:35:42
================================================================================
[2026-05-29T12:36:12.733+0000] {manager.py:878} INFO - 
================================================================================
DAG File Processing Stats

File Path                             PID    Runtime      # DAGs    # Errors  Last Runtime    Last Run
------------------------------------  -----  ---------  --------  ----------  --------------  -------------------
/opt/airflow/dags/train_model_dag.py                           1           0  0.32s           2026-05-29T12:36:12
================================================================================
[2026-05-29T12:36:43.161+0000] {manager.py:878} INFO - 
================================================================================
DAG File Processing Stats

File Path                             PID    Runtime      # DAGs    # Errors  Last Runtime    Last Run
------------------------------------  -----  ---------  --------  ----------  --------------  -------------------
/opt/airflow/dags/train_model_dag.py                           1           0  0.21s           2026-05-29T12:36:43
================================================================================
[2026-05-29T12:37:13.809+0000] {manager.py:878} INFO - 
================================================================================
DAG File Processing Stats

File Path                             PID    Runtime      # DAGs    # Errors  Last Runtime    Last Run
------------------------------------  -----  ---------  --------  ----------  --------------  -------------------
/opt/airflow/dags/train_model_dag.py                           1           0  0.32s           2026-05-29T12:37:13
================================================================================
[2026-05-29T12:37:44.104+0000] {manager.py:878} INFO - 
================================================================================
DAG File Processing Stats

File Path                             PID    Runtime      # DAGs    # Errors  Last Runtime    Last Run
------------------------------------  -----  ---------  --------  ----------  --------------  -------------------
/opt/airflow/dags/train_model_dag.py                           1           0  0.22s           2026-05-29T12:37:44
================================================================================
[2026-05-29T12:38:14.767+0000] {manager.py:878} INFO - 
================================================================================
DAG File Processing Stats

File Path                             PID    Runtime      # DAGs    # Errors  Last Runtime    Last Run
------------------------------------  -----  ---------  --------  ----------  --------------  -------------------
/opt/airflow/dags/train_model_dag.py                           1           0  0.32s           2026-05-29T12:38:14
================================================================================
[2026-05-29T12:38:45.205+0000] {manager.py:878} INFO - 
================================================================================
DAG File Processing Stats

File Path                             PID    Runtime      # DAGs    # Errors  Last Runtime    Last Run
------------------------------------  -----  ---------  --------  ----------  --------------  -------------------
/opt/airflow/dags/train_model_dag.py                           1           0  0.31s           2026-05-29T12:38:45
================================================================================
[2026-05-29T12:39:03.022+0000] {manager.py:737} INFO - Searching for files in /opt/airflow/dags
[2026-05-29T12:39:03.027+0000] {manager.py:740} INFO - There are 1 files in /opt/airflow/dags
[2026-05-29T12:39:15.711+0000] {manager.py:878} INFO - 
================================================================================
DAG File Processing Stats

File Path                             PID    Runtime      # DAGs    # Errors  Last Runtime    Last Run
------------------------------------  -----  ---------  --------  ----------  --------------  -------------------
/opt/airflow/dags/train_model_dag.py                           1           0  0.32s           2026-05-29T12:39:15
================================================================================
[2026-05-29T12:39:46.033+0000] {manager.py:878} INFO - 
================================================================================
DAG File Processing Stats

File Path                             PID    Runtime      # DAGs    # Errors  Last Runtime    Last Run
------------------------------------  -----  ---------  --------  ----------  --------------  -------------------
/opt/airflow/dags/train_model_dag.py                           1           0  0.21s           2026-05-29T12:39:46
================================================================================
[2026-05-29T12:40:16.621+0000] {manager.py:878} INFO - 
================================================================================
DAG File Processing Stats

File Path                             PID    Runtime      # DAGs    # Errors  Last Runtime    Last Run
------------------------------------  -----  ---------  --------  ----------  --------------  -------------------
/opt/airflow/dags/train_model_dag.py                           1           0  0.21s           2026-05-29T12:40:16
================================================================================
[2026-05-29T12:40:47.254+0000] {manager.py:878} INFO - 
================================================================================
DAG File Processing Stats

File Path                             PID    Runtime      # DAGs    # Errors  Last Runtime    Last Run
------------------------------------  -----  ---------  --------  ----------  --------------  -------------------
/opt/airflow/dags/train_model_dag.py                           1           0  0.33s           2026-05-29T12:40:47
================================================================================
[2026-05-29T12:41:17.589+0000] {manager.py:878} INFO - 
================================================================================
DAG File Processing Stats

File Path                             PID    Runtime      # DAGs    # Errors  Last Runtime    Last Run
------------------------------------  -----  ---------  --------  ----------  --------------  -------------------
/opt/airflow/dags/train_model_dag.py                           1           0  0.21s           2026-05-29T12:41:17
================================================================================
[2026-05-29T12:41:48.133+0000] {manager.py:878} INFO - 
================================================================================
DAG File Processing Stats

File Path                             PID    Runtime      # DAGs    # Errors  Last Runtime    Last Run
------------------------------------  -----  ---------  --------  ----------  --------------  -------------------
/opt/airflow/dags/train_model_dag.py                           1           0  0.32s           2026-05-29T12:41:48
================================================================================
[2026-05-29T12:42:18.402+0000] {manager.py:878} INFO - 
================================================================================
DAG File Processing Stats

File Path                             PID    Runtime      # DAGs    # Errors  Last Runtime    Last Run
------------------------------------  -----  ---------  --------  ----------  --------------  -------------------
/opt/airflow/dags/train_model_dag.py                           1           0  0.21s           2026-05-29T12:42:18
================================================================================
[2026-05-29T12:42:49.518+0000] {manager.py:878} INFO - 
================================================================================
DAG File Processing Stats

File Path                             PID    Runtime      # DAGs    # Errors  Last Runtime    Last Run
------------------------------------  -----  ---------  --------  ----------  --------------  -------------------
/opt/airflow/dags/train_model_dag.py                           1           0  0.54s           2026-05-29T12:42:49
================================================================================
[2026-05-29T12:43:19.935+0000] {manager.py:878} INFO - 
================================================================================
DAG File Processing Stats

File Path                             PID    Runtime      # DAGs    # Errors  Last Runtime    Last Run
------------------------------------  -----  ---------  --------  ----------  --------------  -------------------
/opt/airflow/dags/train_model_dag.py                           1           0  0.42s           2026-05-29T12:43:19
================================================================================
[2026-05-29T12:43:50.362+0000] {manager.py:878} INFO - 
================================================================================
DAG File Processing Stats

File Path                             PID    Runtime      # DAGs    # Errors  Last Runtime    Last Run
------------------------------------  -----  ---------  --------  ----------  --------------  -------------------
/opt/airflow/dags/train_model_dag.py                           1           0  0.21s           2026-05-29T12:43:50
================================================================================
[2026-05-29T12:44:03.041+0000] {manager.py:737} INFO - Searching for files in /opt/airflow/dags
[2026-05-29T12:44:03.045+0000] {manager.py:740} INFO - There are 1 files in /opt/airflow/dags
[2026-05-29T12:44:20.795+0000] {manager.py:878} INFO - 
================================================================================
DAG File Processing Stats

File Path                             PID    Runtime      # DAGs    # Errors  Last Runtime    Last Run
------------------------------------  -----  ---------  --------  ----------  --------------  -------------------
/opt/airflow/dags/train_model_dag.py                           1           0  0.32s           2026-05-29T12:44:20
================================================================================
[2026-05-29T12:44:51.157+0000] {manager.py:878} INFO - 
================================================================================
DAG File Processing Stats

File Path                             PID    Runtime      # DAGs    # Errors  Last Runtime    Last Run
------------------------------------  -----  ---------  --------  ----------  --------------  -------------------
/opt/airflow/dags/train_model_dag.py                           1           0  0.21s           2026-05-29T12:44:51
================================================================================
[2026-05-29T12:45:21.659+0000] {manager.py:878} INFO - 
================================================================================
DAG File Processing Stats

File Path                             PID    Runtime      # DAGs    # Errors  Last Runtime    Last Run
------------------------------------  -----  ---------  --------  ----------  --------------  -------------------
/opt/airflow/dags/train_model_dag.py                           1           0  0.31s           2026-05-29T12:45:21
================================================================================
[2026-05-29T12:45:52.210+0000] {manager.py:878} INFO - 
================================================================================
DAG File Processing Stats

File Path                             PID    Runtime      # DAGs    # Errors  Last Runtime    Last Run
------------------------------------  -----  ---------  --------  ----------  --------------  -------------------
/opt/airflow/dags/train_model_dag.py                           1           0  0.32s           2026-05-29T12:45:52
================================================================================
[2026-05-29T12:46:22.637+0000] {manager.py:878} INFO - 
================================================================================
DAG File Processing Stats

File Path                             PID    Runtime      # DAGs    # Errors  Last Runtime    Last Run
------------------------------------  -----  ---------  --------  ----------  --------------  -------------------
/opt/airflow/dags/train_model_dag.py                           1           0  0.23s           2026-05-29T12:46:22
================================================================================
[2026-05-29T12:46:53.055+0000] {manager.py:878} INFO - 
================================================================================
DAG File Processing Stats

File Path                             PID    Runtime      # DAGs    # Errors  Last Runtime    Last Run
------------------------------------  -----  ---------  --------  ----------  --------------  -------------------
/opt/airflow/dags/train_model_dag.py                           1           0  0.21s           2026-05-29T12:46:53
================================================================================
[2026-05-29T12:47:23.482+0000] {manager.py:878} INFO - 
================================================================================
DAG File Processing Stats

File Path                             PID    Runtime      # DAGs    # Errors  Last Runtime    Last Run
------------------------------------  -----  ---------  --------  ----------  --------------  -------------------
/opt/airflow/dags/train_model_dag.py                           1           0  0.32s           2026-05-29T12:47:23
================================================================================
[2026-05-29T12:47:53.829+0000] {manager.py:878} INFO - 
================================================================================
DAG File Processing Stats

File Path                             PID    Runtime      # DAGs    # Errors  Last Runtime    Last Run
------------------------------------  -----  ---------  --------  ----------  --------------  -------------------
/opt/airflow/dags/train_model_dag.py                           1           0  0.21s           2026-05-29T12:47:53
================================================================================
[2026-05-29T12:48:24.260+0000] {manager.py:878} INFO - 
================================================================================
DAG File Processing Stats

File Path                             PID    Runtime      # DAGs    # Errors  Last Runtime    Last Run
------------------------------------  -----  ---------  --------  ----------  --------------  -------------------
/opt/airflow/dags/train_model_dag.py                           1           0  0.32s           2026-05-29T12:48:24
================================================================================
[2026-05-29T12:48:54.638+0000] {manager.py:878} INFO - 
================================================================================
DAG File Processing Stats

File Path                             PID    Runtime      # DAGs    # Errors  Last Runtime    Last Run
------------------------------------  -----  ---------  --------  ----------  --------------  -------------------
/opt/airflow/dags/train_model_dag.py                           1           0  0.21s           2026-05-29T12:48:54
================================================================================
[2026-05-29T12:49:03.174+0000] {manager.py:737} INFO - Searching for files in /opt/airflow/dags
[2026-05-29T12:49:03.178+0000] {manager.py:740} INFO - There are 1 files in /opt/airflow/dags
[2026-05-29T12:49:25.066+0000] {manager.py:878} INFO - 
================================================================================
DAG File Processing Stats

File Path                             PID    Runtime      # DAGs    # Errors  Last Runtime    Last Run
------------------------------------  -----  ---------  --------  ----------  --------------  -------------------
/opt/airflow/dags/train_model_dag.py                           1           0  0.32s           2026-05-29T12:49:25
================================================================================
[2026-05-29T12:49:55.537+0000] {manager.py:878} INFO - 
================================================================================
DAG File Processing Stats

File Path                             PID    Runtime      # DAGs    # Errors  Last Runtime    Last Run
------------------------------------  -----  ---------  --------  ----------  --------------  -------------------
/opt/airflow/dags/train_model_dag.py                           1           0  0.32s           2026-05-29T12:49:55
================================================================================
[2026-05-29T12:50:26.038+0000] {manager.py:878} INFO - 
================================================================================
DAG File Processing Stats

File Path                             PID    Runtime      # DAGs    # Errors  Last Runtime    Last Run
------------------------------------  -----  ---------  --------  ----------  --------------  -------------------
/opt/airflow/dags/train_model_dag.py                           1           0  0.32s           2026-05-29T12:50:26
================================================================================
[2026-05-29T12:50:56.518+0000] {manager.py:878} INFO - 
================================================================================
DAG File Processing Stats

File Path                             PID    Runtime      # DAGs    # Errors  Last Runtime    Last Run
------------------------------------  -----  ---------  --------  ----------  --------------  -------------------
/opt/airflow/dags/train_model_dag.py                           1           0  0.31s           2026-05-29T12:50:56
================================================================================
[2026-05-29T12:51:26.977+0000] {manager.py:878} INFO - 
================================================================================
DAG File Processing Stats

File Path                             PID    Runtime      # DAGs    # Errors  Last Runtime    Last Run
------------------------------------  -----  ---------  --------  ----------  --------------  -------------------
/opt/airflow/dags/train_model_dag.py                           1           0  0.31s           2026-05-29T12:51:26
================================================================================
[2026-05-29T12:51:57.426+0000] {manager.py:878} INFO - 
================================================================================
DAG File Processing Stats

File Path                             PID    Runtime      # DAGs    # Errors  Last Runtime    Last Run
------------------------------------  -----  ---------  --------  ----------  --------------  -------------------
/opt/airflow/dags/train_model_dag.py                           1           0  0.32s           2026-05-29T12:51:57
================================================================================
[2026-05-29T12:52:27.894+0000] {manager.py:878} INFO - 
================================================================================
DAG File Processing Stats

File Path                             PID    Runtime      # DAGs    # Errors  Last Runtime    Last Run
------------------------------------  -----  ---------  --------  ----------  --------------  -------------------
/opt/airflow/dags/train_model_dag.py                           1           0  0.32s           2026-05-29T12:52:27
================================================================================
[2026-05-29T12:52:58.874+0000] {manager.py:878} INFO - 
================================================================================
DAG File Processing Stats

File Path                             PID    Runtime      # DAGs    # Errors  Last Runtime    Last Run
------------------------------------  -----  ---------  --------  ----------  --------------  -------------------
/opt/airflow/dags/train_model_dag.py                           1           0  0.78s           2026-05-29T12:52:58
================================================================================
[2026-05-29T12:53:29.710+0000] {manager.py:878} INFO - 
================================================================================
DAG File Processing Stats

File Path                             PID    Runtime      # DAGs    # Errors  Last Runtime    Last Run
------------------------------------  -----  ---------  --------  ----------  --------------  -------------------
/opt/airflow/dags/train_model_dag.py                           1           0  0.53s           2026-05-29T12:53:29
================================================================================
[2026-05-29T12:54:02.017+0000] {manager.py:878} INFO - 
================================================================================
DAG File Processing Stats

File Path                             PID    Runtime      # DAGs    # Errors  Last Runtime    Last Run
------------------------------------  -----  ---------  --------  ----------  --------------  -------------------
/opt/airflow/dags/train_model_dag.py                           1           0  0.83s           2026-05-29T12:54:02
================================================================================
[2026-05-29T12:54:03.279+0000] {manager.py:737} INFO - Searching for files in /opt/airflow/dags
[2026-05-29T12:54:03.287+0000] {manager.py:740} INFO - There are 1 files in /opt/airflow/dags
[2026-05-29T12:54:33.092+0000] {manager.py:878} INFO - 
================================================================================
DAG File Processing Stats

File Path                             PID    Runtime      # DAGs    # Errors  Last Runtime    Last Run
------------------------------------  -----  ---------  --------  ----------  --------------  -------------------
/opt/airflow/dags/train_model_dag.py                           1           0  0.31s           2026-05-29T12:54:33
================================================================================
[2026-05-29T12:55:03.664+0000] {manager.py:878} INFO - 
================================================================================
DAG File Processing Stats

File Path                             PID    Runtime      # DAGs    # Errors  Last Runtime    Last Run
------------------------------------  -----  ---------  --------  ----------  --------------  -------------------
/opt/airflow/dags/train_model_dag.py                           1           0  0.32s           2026-05-29T12:55:03
================================================================================
[2026-05-29T12:55:34.097+0000] {manager.py:878} INFO - 
================================================================================
DAG File Processing Stats

File Path                             PID    Runtime      # DAGs    # Errors  Last Runtime    Last Run
------------------------------------  -----  ---------  --------  ----------  --------------  -------------------
/opt/airflow/dags/train_model_dag.py                           1           0  0.22s           2026-05-29T12:55:34
================================================================================
[2026-05-29T12:56:04.772+0000] {manager.py:878} INFO - 
================================================================================
DAG File Processing Stats

File Path                             PID    Runtime      # DAGs    # Errors  Last Runtime    Last Run
------------------------------------  -----  ---------  --------  ----------  --------------  -------------------
/opt/airflow/dags/train_model_dag.py                           1           0  0.32s           2026-05-29T12:56:04
================================================================================
[2026-05-29T12:56:35.399+0000] {manager.py:878} INFO - 
================================================================================
DAG File Processing Stats

File Path                             PID    Runtime      # DAGs    # Errors  Last Runtime    Last Run
------------------------------------  -----  ---------  --------  ----------  --------------  -------------------
/opt/airflow/dags/train_model_dag.py                           1           0  0.42s           2026-05-29T12:56:35
================================================================================
[2026-05-29T12:57:06.238+0000] {manager.py:878} INFO - 
================================================================================
DAG File Processing Stats

File Path                             PID    Runtime      # DAGs    # Errors  Last Runtime    Last Run
------------------------------------  -----  ---------  --------  ----------  --------------  -------------------
/opt/airflow/dags/train_model_dag.py                           1           0  0.23s           2026-05-29T12:57:06
================================================================================
[2026-05-29T12:57:37.379+0000] {manager.py:878} INFO - 
================================================================================
DAG File Processing Stats

File Path                             PID    Runtime      # DAGs    # Errors  Last Runtime    Last Run
------------------------------------  -----  ---------  --------  ----------  --------------  -------------------
/opt/airflow/dags/train_model_dag.py                           1           0  0.32s           2026-05-29T12:57:37
================================================================================
[2026-05-29T12:58:08.590+0000] {manager.py:878} INFO - 
================================================================================
DAG File Processing Stats

File Path                             PID    Runtime      # DAGs    # Errors  Last Runtime    Last Run
------------------------------------  -----  ---------  --------  ----------  --------------  -------------------
/opt/airflow/dags/train_model_dag.py                           1           0  0.32s           2026-05-29T12:58:08
================================================================================
[2026-05-29T12:58:39.623+0000] {manager.py:878} INFO - 
================================================================================
DAG File Processing Stats

File Path                             PID    Runtime      # DAGs    # Errors  Last Runtime    Last Run
------------------------------------  -----  ---------  --------  ----------  --------------  -------------------
/opt/airflow/dags/train_model_dag.py                           1           0  0.32s           2026-05-29T12:58:39
================================================================================
[2026-05-29T12:59:03.414+0000] {manager.py:737} INFO - Searching for files in /opt/airflow/dags
[2026-05-29T12:59:03.420+0000] {manager.py:740} INFO - There are 1 files in /opt/airflow/dags
[2026-05-29T12:59:10.141+0000] {manager.py:878} INFO - 
================================================================================
DAG File Processing Stats

File Path                             PID    Runtime      # DAGs    # Errors  Last Runtime    Last Run
------------------------------------  -----  ---------  --------  ----------  --------------  -------------------
/opt/airflow/dags/train_model_dag.py                           1           0  0.32s           2026-05-29T12:59:10
================================================================================
[2026-05-29T12:59:40.595+0000] {manager.py:878} INFO - 
================================================================================
DAG File Processing Stats

File Path                             PID    Runtime      # DAGs    # Errors  Last Runtime    Last Run
------------------------------------  -----  ---------  --------  ----------  --------------  -------------------
/opt/airflow/dags/train_model_dag.py                           1           0  0.33s           2026-05-29T12:59:40
================================================================================
[2026-05-29T13:00:11.035+0000] {manager.py:878} INFO - 
================================================================================
DAG File Processing Stats

File Path                             PID    Runtime      # DAGs    # Errors  Last Runtime    Last Run
------------------------------------  -----  ---------  --------  ----------  --------------  -------------------
/opt/airflow/dags/train_model_dag.py                           1           0  0.22s           2026-05-29T13:00:11
================================================================================
[2026-05-29T13:00:41.653+0000] {manager.py:878} INFO - 
================================================================================
DAG File Processing Stats

File Path                             PID    Runtime      # DAGs    # Errors  Last Runtime    Last Run
------------------------------------  -----  ---------  --------  ----------  --------------  -------------------
/opt/airflow/dags/train_model_dag.py                           1           0  0.33s           2026-05-29T13:00:41
================================================================================
[2026-05-29T13:01:12.162+0000] {manager.py:878} INFO - 
================================================================================
DAG File Processing Stats

File Path                             PID    Runtime      # DAGs    # Errors  Last Runtime    Last Run
------------------------------------  -----  ---------  --------  ----------  --------------  -------------------
/opt/airflow/dags/train_model_dag.py                           1           0  0.23s           2026-05-29T13:01:12
================================================================================
[2026-05-29T13:01:42.832+0000] {manager.py:878} INFO - 
================================================================================
DAG File Processing Stats

File Path                             PID    Runtime      # DAGs    # Errors  Last Runtime    Last Run
------------------------------------  -----  ---------  --------  ----------  --------------  -------------------
/opt/airflow/dags/train_model_dag.py                           1           0  0.32s           2026-05-29T13:01:42
================================================================================
[2026-05-29T13:02:13.354+0000] {manager.py:878} INFO - 
================================================================================
DAG File Processing Stats

File Path                             PID    Runtime      # DAGs    # Errors  Last Runtime    Last Run
------------------------------------  -----  ---------  --------  ----------  --------------  -------------------
/opt/airflow/dags/train_model_dag.py                           1           0  0.22s           2026-05-29T13:02:13
================================================================================
[2026-05-29T13:02:43.932+0000] {manager.py:878} INFO - 
================================================================================
DAG File Processing Stats

File Path                             PID    Runtime      # DAGs    # Errors  Last Runtime    Last Run
------------------------------------  -----  ---------  --------  ----------  --------------  -------------------
/opt/airflow/dags/train_model_dag.py                           1           0  0.32s           2026-05-29T13:02:43
================================================================================
[2026-05-29T13:03:14.502+0000] {manager.py:878} INFO - 
================================================================================
DAG File Processing Stats

File Path                             PID    Runtime      # DAGs    # Errors  Last Runtime    Last Run
------------------------------------  -----  ---------  --------  ----------  --------------  -------------------
/opt/airflow/dags/train_model_dag.py                           1           0  0.32s           2026-05-29T13:03:14
================================================================================
[2026-05-29T13:03:45.370+0000] {manager.py:878} INFO - 
================================================================================
DAG File Processing Stats

File Path                             PID    Runtime      # DAGs    # Errors  Last Runtime    Last Run
------------------------------------  -----  ---------  --------  ----------  --------------  -------------------
/opt/airflow/dags/train_model_dag.py                           1           0  0.52s           2026-05-29T13:03:45
================================================================================
[2026-05-29T13:04:03.528+0000] {manager.py:737} INFO - Searching for files in /opt/airflow/dags
[2026-05-29T13:04:03.534+0000] {manager.py:740} INFO - There are 1 files in /opt/airflow/dags
[2026-05-29T13:04:15.900+0000] {manager.py:878} INFO - 
================================================================================
DAG File Processing Stats

File Path                             PID    Runtime      # DAGs    # Errors  Last Runtime    Last Run
------------------------------------  -----  ---------  --------  ----------  --------------  -------------------
/opt/airflow/dags/train_model_dag.py                           1           0  0.32s           2026-05-29T13:04:15
================================================================================
[2026-05-29T13:04:46.321+0000] {manager.py:878} INFO - 
================================================================================
DAG File Processing Stats

File Path                             PID    Runtime      # DAGs    # Errors  Last Runtime    Last Run
------------------------------------  -----  ---------  --------  ----------  --------------  -------------------
/opt/airflow/dags/train_model_dag.py                           1           0  0.22s           2026-05-29T13:04:46
================================================================================
[2026-05-29T13:05:16.774+0000] {manager.py:878} INFO - 
================================================================================
DAG File Processing Stats

File Path                             PID    Runtime      # DAGs    # Errors  Last Runtime    Last Run
------------------------------------  -----  ---------  --------  ----------  --------------  -------------------
/opt/airflow/dags/train_model_dag.py                           1           0  0.23s           2026-05-29T13:05:16
================================================================================
[2026-05-29T13:05:47.344+0000] {manager.py:878} INFO - 
================================================================================
DAG File Processing Stats

File Path                             PID    Runtime      # DAGs    # Errors  Last Runtime    Last Run
------------------------------------  -----  ---------  --------  ----------  --------------  -------------------
/opt/airflow/dags/train_model_dag.py                           1           0  0.32s           2026-05-29T13:05:47
================================================================================
[2026-05-29T13:06:17.911+0000] {manager.py:878} INFO - 
================================================================================
DAG File Processing Stats

File Path                             PID    Runtime      # DAGs    # Errors  Last Runtime    Last Run
------------------------------------  -----  ---------  --------  ----------  --------------  -------------------
/opt/airflow/dags/train_model_dag.py                           1           0  0.32s           2026-05-29T13:06:17
================================================================================
[2026-05-29T13:06:48.480+0000] {manager.py:878} INFO - 
================================================================================
DAG File Processing Stats

File Path                             PID    Runtime      # DAGs    # Errors  Last Runtime    Last Run
------------------------------------  -----  ---------  --------  ----------  --------------  -------------------
/opt/airflow/dags/train_model_dag.py                           1           0  0.32s           2026-05-29T13:06:48
================================================================================
[2026-05-29T13:07:19.048+0000] {manager.py:878} INFO - 
================================================================================
DAG File Processing Stats

File Path                             PID    Runtime      # DAGs    # Errors  Last Runtime    Last Run
------------------------------------  -----  ---------  --------  ----------  --------------  -------------------
/opt/airflow/dags/train_model_dag.py                           1           0  0.32s           2026-05-29T13:07:19
================================================================================
[2026-05-29T13:07:49.531+0000] {manager.py:878} INFO - 
================================================================================
DAG File Processing Stats

File Path                             PID    Runtime      # DAGs    # Errors  Last Runtime    Last Run
------------------------------------  -----  ---------  --------  ----------  --------------  -------------------
/opt/airflow/dags/train_model_dag.py                           1           0  0.32s           2026-05-29T13:07:49
================================================================================
[2026-05-29T13:08:20.040+0000] {manager.py:878} INFO - 
================================================================================
DAG File Processing Stats

File Path                             PID    Runtime      # DAGs    # Errors  Last Runtime    Last Run
------------------------------------  -----  ---------  --------  ----------  --------------  -------------------
/opt/airflow/dags/train_model_dag.py                           1           0  0.32s           2026-05-29T13:08:20
================================================================================
[2026-05-29T13:08:50.503+0000] {manager.py:878} INFO - 
================================================================================
DAG File Processing Stats

File Path                             PID    Runtime      # DAGs    # Errors  Last Runtime    Last Run
------------------------------------  -----  ---------  --------  ----------  --------------  -------------------
/opt/airflow/dags/train_model_dag.py                           1           0  0.32s           2026-05-29T13:08:50
================================================================================
[2026-05-29T13:09:03.641+0000] {manager.py:737} INFO - Searching for files in /opt/airflow/dags
[2026-05-29T13:09:03.647+0000] {manager.py:740} INFO - There are 1 files in /opt/airflow/dags
[2026-05-29T13:09:21.098+0000] {manager.py:878} INFO - 
================================================================================
DAG File Processing Stats

File Path                             PID    Runtime      # DAGs    # Errors  Last Runtime    Last Run
------------------------------------  -----  ---------  --------  ----------  --------------  -------------------
/opt/airflow/dags/train_model_dag.py                           1           0  0.43s           2026-05-29T13:09:21
================================================================================
[2026-05-29T13:09:51.623+0000] {manager.py:878} INFO - 
================================================================================
DAG File Processing Stats

File Path                             PID    Runtime      # DAGs    # Errors  Last Runtime    Last Run
------------------------------------  -----  ---------  --------  ----------  --------------  -------------------
/opt/airflow/dags/train_model_dag.py                           1           0  0.32s           2026-05-29T13:09:51
================================================================================
[2026-05-29T13:10:22.142+0000] {manager.py:878} INFO - 
================================================================================
DAG File Processing Stats

File Path                             PID    Runtime      # DAGs    # Errors  Last Runtime    Last Run
------------------------------------  -----  ---------  --------  ----------  --------------  -------------------
/opt/airflow/dags/train_model_dag.py                           1           0  0.33s           2026-05-29T13:10:22
================================================================================
[2026-05-29T13:10:52.632+0000] {manager.py:878} INFO - 
================================================================================
DAG File Processing Stats

File Path                             PID    Runtime      # DAGs    # Errors  Last Runtime    Last Run
------------------------------------  -----  ---------  --------  ----------  --------------  -------------------
/opt/airflow/dags/train_model_dag.py                           1           0  0.31s           2026-05-29T13:10:52
================================================================================
[2026-05-29T13:11:23.107+0000] {manager.py:878} INFO - 
================================================================================
DAG File Processing Stats

File Path                             PID    Runtime      # DAGs    # Errors  Last Runtime    Last Run
------------------------------------  -----  ---------  --------  ----------  --------------  -------------------
/opt/airflow/dags/train_model_dag.py                           1           0  0.32s           2026-05-29T13:11:23
================================================================================
[2026-05-29T13:11:53.482+0000] {manager.py:878} INFO - 
================================================================================
DAG File Processing Stats

File Path                             PID    Runtime      # DAGs    # Errors  Last Runtime    Last Run
------------------------------------  -----  ---------  --------  ----------  --------------  -------------------
/opt/airflow/dags/train_model_dag.py                           1           0  0.22s           2026-05-29T13:11:53
================================================================================
[2026-05-29T13:12:23.970+0000] {manager.py:878} INFO - 
================================================================================
DAG File Processing Stats

File Path                             PID    Runtime      # DAGs    # Errors  Last Runtime    Last Run
------------------------------------  -----  ---------  --------  ----------  --------------  -------------------
/opt/airflow/dags/train_model_dag.py                           1           0  0.32s           2026-05-29T13:12:23
================================================================================
[2026-05-29T13:12:54.334+0000] {manager.py:878} INFO - 
================================================================================
DAG File Processing Stats

File Path                             PID    Runtime      # DAGs    # Errors  Last Runtime    Last Run
------------------------------------  -----  ---------  --------  ----------  --------------  -------------------
/opt/airflow/dags/train_model_dag.py                           1           0  0.22s           2026-05-29T13:12:54
================================================================================
[2026-05-29T13:13:24.643+0000] {manager.py:878} INFO - 
================================================================================
DAG File Processing Stats

File Path                             PID    Runtime      # DAGs    # Errors  Last Runtime    Last Run
------------------------------------  -----  ---------  --------  ----------  --------------  -------------------
/opt/airflow/dags/train_model_dag.py                           1           0  0.22s           2026-05-29T13:13:24
================================================================================
[2026-05-29T13:13:55.629+0000] {manager.py:878} INFO - 
================================================================================
DAG File Processing Stats

File Path                             PID    Runtime      # DAGs    # Errors  Last Runtime    Last Run
------------------------------------  -----  ---------  --------  ----------  --------------  -------------------
/opt/airflow/dags/train_model_dag.py                           1           0  0.87s           2026-05-29T13:13:55
================================================================================
[2026-05-29T13:14:03.859+0000] {manager.py:737} INFO - Searching for files in /opt/airflow/dags
[2026-05-29T13:14:03.900+0000] {manager.py:740} INFO - There are 1 files in /opt/airflow/dags
[2026-05-29T13:14:26.544+0000] {manager.py:878} INFO - 
================================================================================
DAG File Processing Stats

File Path                             PID    Runtime      # DAGs    # Errors  Last Runtime    Last Run
------------------------------------  -----  ---------  --------  ----------  --------------  -------------------
/opt/airflow/dags/train_model_dag.py                           1           0  0.64s           2026-05-29T13:14:26
================================================================================
[2026-05-29T13:14:56.961+0000] {manager.py:878} INFO - 
================================================================================
DAG File Processing Stats

File Path                             PID    Runtime      # DAGs    # Errors  Last Runtime    Last Run
------------------------------------  -----  ---------  --------  ----------  --------------  -------------------
/opt/airflow/dags/train_model_dag.py                           1           0  0.22s           2026-05-29T13:14:56
================================================================================
[2026-05-29T13:15:27.448+0000] {manager.py:878} INFO - 
================================================================================
DAG File Processing Stats

File Path                             PID    Runtime      # DAGs    # Errors  Last Runtime    Last Run
------------------------------------  -----  ---------  --------  ----------  --------------  -------------------
/opt/airflow/dags/train_model_dag.py                           1           0  0.32s           2026-05-29T13:15:27
================================================================================
[2026-05-29T13:15:57.794+0000] {manager.py:878} INFO - 
================================================================================
DAG File Processing Stats

File Path                             PID    Runtime      # DAGs    # Errors  Last Runtime    Last Run
------------------------------------  -----  ---------  --------  ----------  --------------  -------------------
/opt/airflow/dags/train_model_dag.py                           1           0  0.21s           2026-05-29T13:15:57
================================================================================
[2026-05-29T13:16:28.135+0000] {manager.py:878} INFO - 
================================================================================
DAG File Processing Stats

File Path                             PID    Runtime      # DAGs    # Errors  Last Runtime    Last Run
------------------------------------  -----  ---------  --------  ----------  --------------  -------------------
/opt/airflow/dags/train_model_dag.py                           1           0  0.22s           2026-05-29T13:16:28
================================================================================
[2026-05-29T13:16:58.727+0000] {manager.py:878} INFO - 
================================================================================
DAG File Processing Stats

File Path                             PID    Runtime      # DAGs    # Errors  Last Runtime    Last Run
------------------------------------  -----  ---------  --------  ----------  --------------  -------------------
/opt/airflow/dags/train_model_dag.py                           1           0  0.43s           2026-05-29T13:16:58
================================================================================
[2026-05-29T13:17:29.239+0000] {manager.py:878} INFO - 
================================================================================
DAG File Processing Stats

File Path                             PID    Runtime      # DAGs    # Errors  Last Runtime    Last Run
------------------------------------  -----  ---------  --------  ----------  --------------  -------------------
/opt/airflow/dags/train_model_dag.py                           1           0  0.32s           2026-05-29T13:17:29
================================================================================
[2026-05-29T13:17:59.594+0000] {manager.py:878} INFO - 
================================================================================
DAG File Processing Stats

File Path                             PID    Runtime      # DAGs    # Errors  Last Runtime    Last Run
------------------------------------  -----  ---------  --------  ----------  --------------  -------------------
/opt/airflow/dags/train_model_dag.py                           1           0  0.21s           2026-05-29T13:17:59
================================================================================
[2026-05-29T13:18:29.932+0000] {manager.py:878} INFO - 
================================================================================
DAG File Processing Stats

File Path                             PID    Runtime      # DAGs    # Errors  Last Runtime    Last Run
------------------------------------  -----  ---------  --------  ----------  --------------  -------------------
/opt/airflow/dags/train_model_dag.py                           1           0  0.22s           2026-05-29T13:18:29
================================================================================
[2026-05-29T13:19:00.283+0000] {manager.py:878} INFO - 
================================================================================
DAG File Processing Stats

File Path                             PID    Runtime      # DAGs    # Errors  Last Runtime    Last Run
------------------------------------  -----  ---------  --------  ----------  --------------  -------------------
/opt/airflow/dags/train_model_dag.py                           1           0  0.21s           2026-05-29T13:19:00
================================================================================
[2026-05-29T13:19:04.093+0000] {manager.py:737} INFO - Searching for files in /opt/airflow/dags
[2026-05-29T13:19:04.098+0000] {manager.py:740} INFO - There are 1 files in /opt/airflow/dags
[2026-05-29T13:19:30.727+0000] {manager.py:878} INFO - 
================================================================================
DAG File Processing Stats

File Path                             PID    Runtime      # DAGs    # Errors  Last Runtime    Last Run
------------------------------------  -----  ---------  --------  ----------  --------------  -------------------
/opt/airflow/dags/train_model_dag.py                           1           0  0.31s           2026-05-29T13:19:30
================================================================================
[2026-05-29T13:20:00.943+0000] {manager.py:878} INFO - 
================================================================================
DAG File Processing Stats

File Path                             PID    Runtime      # DAGs    # Errors  Last Runtime    Last Run
------------------------------------  -----  ---------  --------  ----------  --------------  -------------------
/opt/airflow/dags/train_model_dag.py                           1           0  0.21s           2026-05-29T13:20:00
================================================================================
[2026-05-29T13:20:31.413+0000] {manager.py:878} INFO - 
================================================================================
DAG File Processing Stats

File Path                             PID    Runtime      # DAGs    # Errors  Last Runtime    Last Run
------------------------------------  -----  ---------  --------  ----------  --------------  -------------------
/opt/airflow/dags/train_model_dag.py                           1           0  0.32s           2026-05-29T13:20:31
================================================================================
[2026-05-29T13:20:43.918+0000] {manager.py:452} INFO - Exiting gracefully upon receiving signal 15
